// Jest Snapshot v1, https://goo.gl/fbAQLP

exports[`Stopwatch renders correctly 1`] = `
<Row>
  <Col
    m={3}
    offset="m2 l4"
    s={12}
  >
    <Card
      className="white parent-container"
      textClassName="black-text"
    >
      <h3>
        CloudWatch
      </h3>
      <h3>
        00:00:00:00
      </h3>
      <div
        className="parent-container"
      >
        <Button
          className="green timer-btn"
          node="button"
          onClick={[Function]}
          waves="light"
        >
          Start
        </Button>
        <Button
          className="red timer-btn"
          node="button"
          onClick={[Function]}
          waves="light"
        >
          Pause
        </Button>
        <Button
          className="yellow darken-3 timer-btn timer-clear"
          node="button"
          onClick={[Function]}
          waves="light"
        >
          Clear
        </Button>
      </div>
    </Card>
  </Col>
</Row>
`;
