// Jest Snapshot v1, https://goo.gl/fbAQLP

exports[`Timer renders correctly 1`] = `
<main
  className="Timer"
>
  <Alert
    onDismiss={[Function]}
    show={true}
  />
  <Nav />
  <div
    className="Timer__Container"
  >
    <AdjustTimerButtonGroup
      decreaseHours={[Function]}
      decreaseMinutes={[Function]}
      decreaseSeconds={[Function]}
      increaseHours={[Function]}
      increaseMinutes={[Function]}
      increaseSeconds={[Function]}
    />
    <div
      className="Timer__Counter"
    >
      <TimeDisplay
        time={0}
      />
    </div>
    <ControllerButtons
      onClear={[Function]}
      onPause={[Function]}
      onStart={[Function]}
    />
    <MessageBoard
      showInput={true}
      timeRemaining={0}
      windowOpener={[Function]}
    />
  </div>
</main>
`;
