// Jest Snapshot v1, https://goo.gl/fbAQLP

exports[`Stopwatch renders correctly 1`] = `
<LocalStorageProvider
  keys={
    Array [
      "timeRemaining",
    ]
  }
/>
`;
