// Jest Snapshot v1, https://goo.gl/fbAQLP

exports[`WindowEvent renders correctly 1`] = `""`;
